Default test:
Input error test:
Use of variable with bad tag '42', should be '1337'.
Output error test:
Use of variable with bad tag '1337', should be '42'.
Do not use error:
Property error 'DoNotUse' on value. current value: 4 new value: 4
Do not change with same value:
Do not change error test:
Property error 'DoNotChange' on value. current value: 12 new value: 4
Do not write error test:
Property error 'DoNotWrite' on value. current value: 4 new value: 4
