Point 0 : {2.000000}
               in_000
   out_000       18.4
