Point 0 : {2.000000}
   out_000     in_000
    in_000        9.2

